../Core/Src/main.c:81:5:main	56	static
../Core/Src/main.c:147:6:SystemClock_Config	88	static
../Core/Src/main.c:194:13:MX_SPI1_Init	8	static
../Core/Src/main.c:234:13:MX_USART2_UART_Init	8	static
../Core/Src/main.c:282:13:MX_GPIO_Init	40	static
../Core/Src/main.c:317:6:UART_PRINT_VAL	96	static
../Core/Src/main.c:335:6:UART_PRINT_TEXT	16	static
../Core/Src/main.c:339:6:IAM_INIT	16	static
../Core/Src/main.c:348:5:IAM_GET_DATA	32	static
../Core/Src/main.c:375:6:Error_Handler	4	static,ignoring_inline_asm
