../Core/Src/main.c:84:5:main	64	static
../Core/Src/main.c:157:6:SystemClock_Config	88	static
../Core/Src/main.c:204:13:MX_SPI1_Init	8	static
../Core/Src/main.c:244:13:MX_TIM1_Init	56	static
../Core/Src/main.c:304:13:MX_USART2_UART_Init	8	static
../Core/Src/main.c:352:13:MX_GPIO_Init	40	static
../Core/Src/main.c:387:6:UART_PRINT_VAL	96	static
../Core/Src/main.c:405:6:UART_PRINT_TEXT	16	static
../Core/Src/main.c:409:6:IAM_INIT	16	static
../Core/Src/main.c:418:5:IAM_GET_DATA	32	static
../Core/Src/main.c:445:6:Error_Handler	4	static,ignoring_inline_asm
