../Core/Src/main.c:83:5:main	40	static
../Core/Src/main.c:199:6:SystemClock_Config	88	static
../Core/Src/main.c:246:13:MX_I2C2_Init	8	static
../Core/Src/main.c:294:13:MX_USART2_UART_Init	8	static
../Core/Src/main.c:342:13:MX_GPIO_Init	40	static
../Core/Src/main.c:376:6:UART_PRINT_VAL	96	static
../Core/Src/main.c:393:6:UART_PRINT_TEXT	16	static
../Core/Src/main.c:397:6:IIS2_INIT	32	static
../Core/Src/main.c:405:10:IIS2_GET_DATA	72	dynamic
../Core/Src/main.c:425:6:Error_Handler	4	static,ignoring_inline_asm
