../Core/Src/main.c:78:5:main	32	static
../Core/Src/main.c:134:6:SystemClock_Config	88	static
../Core/Src/main.c:181:13:MX_SPI1_Init	8	static
../Core/Src/main.c:221:13:MX_USART2_UART_Init	8	static
../Core/Src/main.c:269:13:MX_GPIO_Init	40	static
../Core/Src/main.c:294:6:UART_PRINT_VAL	96	static
../Core/Src/main.c:311:6:UART_PRINT_TEXT	16	static
../Core/Src/main.c:314:6:ADXRS_INIT	16	static
../Core/Src/main.c:324:5:ADXRS_GET_DATA	32	static
../Core/Src/main.c:350:6:Error_Handler	4	static,ignoring_inline_asm
